// Jest Snapshot v1, https://goo.gl/fbAQLP

exports[`renders home correctly 1`] = `
<div>
  <h1>
    This is where you browse for files in your phone.
  </h1>
</div>
`;
